// Jest Snapshot v1, https://goo.gl/fbAQLP

exports[`RecordingTab.vue it has the correct pristine / empty state 1`] = `
<div
  class="tab recording-tab"
>
  <div
    class="content"
  >
    <div
      class="empty"
    >
      <img
        alt="desert"
        src="/images/Desert.svg"
        width="78px"
      />
       
      <h3>
        No recorded events yet
      </h3>
       
      <p
        class="text-muted"
      >
        Click record to begin
      </p>
       
      <div
        class="nag-cta"
      >
        <a
          href="https://checklyhq.com/headless-recorder"
          target="_blank"
        >
          Puppeteer Recorder is now 
          <strong>
            Headless Recorder
          </strong>
           and supports Playwright →
        </a>
      </div>
    </div>
     
    <div
      class="events"
      style="display: none;"
    >
      <p
        class="text-muted text-center loading"
      >
        Waiting for events
      </p>
       
      <ul
        class="event-list"
      />
    </div>
  </div>
</div>
`;

exports[`RecordingTab.vue it has the correct recording DOM events state 1`] = `
<div
  class="tab recording-tab"
>
  <div
    class="content"
  >
    <div
      class="empty"
    >
      <img
        alt="desert"
        src="/images/Desert.svg"
        width="78px"
      />
       
      <h3>
        No recorded events yet
      </h3>
       
      <p
        class="text-muted"
      >
        Click record to begin
      </p>
       
      <div
        class="nag-cta"
      >
        <a
          href="https://checklyhq.com/headless-recorder"
          target="_blank"
        >
          Puppeteer Recorder is now 
          <strong>
            Headless Recorder
          </strong>
           and supports Playwright →
        </a>
      </div>
    </div>
     
    <div
      class="events"
      style="display: none;"
    >
      <p
        class="text-muted text-center loading"
      >
        Waiting for events
      </p>
       
      <ul
        class="event-list"
      />
    </div>
  </div>
</div>
`;

exports[`RecordingTab.vue it has the correct recording Puppeteer custom events state 1`] = `
<div
  class="tab recording-tab"
>
  <div
    class="content"
  >
    <div
      class="empty"
    >
      <img
        alt="desert"
        src="/images/Desert.svg"
        width="78px"
      />
       
      <h3>
        No recorded events yet
      </h3>
       
      <p
        class="text-muted"
      >
        Click record to begin
      </p>
       
      <div
        class="nag-cta"
      >
        <a
          href="https://checklyhq.com/headless-recorder"
          target="_blank"
        >
          Puppeteer Recorder is now 
          <strong>
            Headless Recorder
          </strong>
           and supports Playwright →
        </a>
      </div>
    </div>
     
    <div
      class="events"
      style="display: none;"
    >
      <p
        class="text-muted text-center loading"
      >
        Waiting for events
      </p>
       
      <ul
        class="event-list"
      />
    </div>
  </div>
</div>
`;

exports[`RecordingTab.vue it has the correct waiting for events state 1`] = `
<div
  class="tab recording-tab"
>
  <div
    class="content"
  >
    <div
      class="empty"
    >
      <img
        alt="desert"
        src="/images/Desert.svg"
        width="78px"
      />
       
      <h3>
        No recorded events yet
      </h3>
       
      <p
        class="text-muted"
      >
        Click record to begin
      </p>
       
      <div
        class="nag-cta"
      >
        <a
          href="https://checklyhq.com/headless-recorder"
          target="_blank"
        >
          Puppeteer Recorder is now 
          <strong>
            Headless Recorder
          </strong>
           and supports Playwright →
        </a>
      </div>
    </div>
     
    <div
      class="events"
      style="display: none;"
    >
      <p
        class="text-muted text-center loading"
      >
        Waiting for events
      </p>
       
      <ul
        class="event-list"
      />
    </div>
  </div>
</div>
`;
