// Jest Snapshot v1, https://goo.gl/fbAQLP

exports[`RecordingTab.vue it has the correct pristine / empty state 1`] = `
<div
  class="tab results-tab"
>
  <div
    class="tabs"
  >
    <button
      class="tabs__action selected"
    >
      <!---->
       
      <img
        src="/images/puppeteer.png"
        width="16"
      />
       
      <span
        class="tabs__action--text"
      >
        puppeteer
      </span>
    </button>
    <button
      class="tabs__action"
    >
      <span>
        ðŸŽ­
      </span>
       
      <!---->
       
      <span
        class="tabs__action--text"
      >
        playwright
      </span>
    </button>
  </div>
   
  <div
    class="content"
  >
    <pre>
            
      <code>
        No code yet...
      </code>
      
    
    </pre>
  </div>
</div>
`;

exports[`RecordingTab.vue it show a code box when there is code 1`] = `
<div
  class="tab results-tab"
>
  <div
    class="tabs"
  >
    <button
      class="tabs__action selected"
    >
      <!---->
       
      <img
        src="/images/puppeteer.png"
        width="16"
      />
       
      <span
        class="tabs__action--text"
      >
        puppeteer
      </span>
    </button>
    <button
      class="tabs__action"
    >
      <span>
        ðŸŽ­
      </span>
       
      <!---->
       
      <span
        class="tabs__action--text"
      >
        playwright
      </span>
    </button>
  </div>
   
  <div
    class="content"
  >
    <pre>
            
      <code
        class="javascript"
      />
      
    
    </pre>
  </div>
</div>
`;
